t=2026-01-25T21:05:55+0530 lvl=info msg="no configuration paths supplied"
t=2026-01-25T21:05:55+0530 lvl=info msg="using configuration at default config path" path=/home/shivajee/.config/ngrok/ngrok.yml
t=2026-01-25T21:05:55+0530 lvl=info msg="open config file" path=/home/shivajee/.config/ngrok/ngrok.yml err=nil
t=2026-01-25T21:05:55+0530 lvl=info msg="FIPS 140 mode" enabled=false
t=2026-01-25T21:05:55+0530 lvl=warn msg="can't bind default web address, trying alternatives" obj=web addr=127.0.0.1:4040
t=2026-01-25T21:05:55+0530 lvl=info msg="starting web service" obj=web addr=127.0.0.1:4041 allow_hosts=[]
t=2026-01-25T21:05:56+0530 lvl=eror msg="failed to reconnect session" obj=tunnels.session err="authentication failed: Your account is limited to 1 simultaneous ngrok agent sessions.\nRun multiple endpoints at the same time from a single agent by defining them in your agent configuration file and running `ngrok start --all`.\nRead more about the agent configuration file: https://ngrok.com/docs/agent/config/ \nYou can view your current agent sessions in the dashboard: https://dashboard.ngrok.com/agents. Upgrade to a paid plan to remove this limit:\nhttps://dashboard.ngrok.com/billing/choose-a-plan\r\n\r\nERR_NGROK_108\r\n"
t=2026-01-25T21:05:56+0530 lvl=eror msg="session closing" obj=tunnels.session err="authentication failed: Your account is limited to 1 simultaneous ngrok agent sessions.\nRun multiple endpoints at the same time from a single agent by defining them in your agent configuration file and running `ngrok start --all`.\nRead more about the agent configuration file: https://ngrok.com/docs/agent/config/ \nYou can view your current agent sessions in the dashboard: https://dashboard.ngrok.com/agents. Upgrade to a paid plan to remove this limit:\nhttps://dashboard.ngrok.com/billing/choose-a-plan\r\n\r\nERR_NGROK_108\r\n"
t=2026-01-25T21:05:56+0530 lvl=info msg="received stop request" obj=app stopReq="{err:{Remote:true Inner:{Inner:0xc000056ad0}} restart:false}"
t=2026-01-25T21:05:56+0530 lvl=eror msg="terminating with error" obj=app err="authentication failed: Your account is limited to 1 simultaneous ngrok agent sessions.\nRun multiple endpoints at the same time from a single agent by defining them in your agent configuration file and running `ngrok start --all`.\nRead more about the agent configuration file: https://ngrok.com/docs/agent/config/ \nYou can view your current agent sessions in the dashboard: https://dashboard.ngrok.com/agents. Upgrade to a paid plan to remove this limit:\nhttps://dashboard.ngrok.com/billing/choose-a-plan\r\n\r\nERR_NGROK_108\r\n"
t=2026-01-25T21:05:56+0530 lvl=crit msg="command failed" err="authentication failed: Your account is limited to 1 simultaneous ngrok agent sessions.\nRun multiple endpoints at the same time from a single agent by defining them in your agent configuration file and running `ngrok start --all`.\nRead more about the agent configuration file: https://ngrok.com/docs/agent/config/ \nYou can view your current agent sessions in the dashboard: https://dashboard.ngrok.com/agents. Upgrade to a paid plan to remove this limit:\nhttps://dashboard.ngrok.com/billing/choose-a-plan\r\n\r\nERR_NGROK_108\r\n"
ERROR:  authentication failed: Your account is limited to 1 simultaneous ngrok agent sessions.
ERROR:  Run multiple endpoints at the same time from a single agent by defining them in your agent configuration file and running `ngrok start --all`.
t=2026-01-25T21:05:56+0530 lvl=warn msg="failed to check for update" obj=updater err="Post \"https://update.equinox.io/check\": context canceled"
ERROR:  Read more about the agent configuration file: https://ngrok.com/docs/agent/config/ 
ERROR:  You can view your current agent sessions in the dashboard: https://dashboard.ngrok.com/agents. Upgrade to a paid plan to remove this limit:
ERROR:  https://dashboard.ngrok.com/billing/choose-a-plan
ERROR:  
t=2026-01-25T21:05:56+0530 lvl=info msg="no more state changes" obj=tunnels.session
ERROR:  ERR_NGROK_108
ERROR:  https://ngrok.com/docs/errors/err_ngrok_108
ERROR:  
